C:\Users\user>cd git_challenge

C:\Users\user\git_challenge>git init
Initialized empty Git repository in C:/Users/user/git_challenge/.git/

C:\Users\user\git_challenge>git add hello_world.txt

C:\Users\user\git_challenge>git commit -m "hello_world.txtを追加"
[main (root-commit) 5d5cf29] hello_world.txtを追加
 1 file changed, 1 insertion(+)
 create mode 100644 hello_world.txt

C:\Users\user\git_challenge>git add hello_world.txt

C:\Users\user\git_challenge>git commit -m "日本語訳を追記"
[main b4ad2fb] 日本語訳を追記
 1 file changed, 2 insertions(+), 1 deletion(-)

C:\Users\user\git_challenge>git log --oneline
b4ad2fb (HEAD -> main) 日本語訳を追記
5d5cf29 hello_world.txtを追加
C:\Users\user\git_challenge>
